<?xml version="1.0" encoding="UTF-8"?>
<TestRun id="3591d77c-cc42-44e7-b48f-f9ef6379d11a" name="rNdm@RNDM-PC 2014-03-29 17:11:22" runUser="RNDM-PC\rNdm" xmlns="http://microsoft.com/schemas/VisualStudio/TeamTest/2010">
  <TestSettings name="Local" id="705fcfdf-6a2d-45be-985d-7ecdaa1ca917">
    <Description>These are default test settings for a local test run.</Description>
    <Deployment enabled="false" runDeploymentRoot="rNdm_RNDM-PC 2014-03-29 17_11_22">
      <DeploymentItem filename="E:\Work\C-\Weather Station\Weather Station\bin\Debug\Weather Station.exe" />
    </Deployment>
    <Execution>
      <TestTypeSpecific />
      <AgentRule name="Execution Agents">
      </AgentRule>
    </Execution>
  </TestSettings>
  <Times creation="2014-03-29T17:11:22.3312846+13:00" queuing="2014-03-29T17:11:22.3572730+13:00" start="2014-03-29T17:11:22.3602361+13:00" finish="2014-03-29T17:11:22.5222454+13:00" />
  <ResultSummary outcome="Failed">
    <Counters total="1" executed="1" error="0" failed="1" timeout="0" aborted="0" inconclusive="0" passedButRunAborted="0" notRunnable="0" notExecuted="0" disconnected="0" warning="0" passed="0" completed="0" inProgress="0" pending="0" />
  </ResultSummary>
  <TestDefinitions>
    <UnitTest name="ComputeTest" storage="e:\work\c-\weather station\weather station tests\bin\debug\weather station tests.dll" id="578733e5-89a2-3282-c946-c0569b502d39">
      <Execution id="9715b4cf-110a-4fc5-9012-a63a1716219f" />
      <TestMethod codeBase="E:/Work/C-/Weather Station/Weather Station Tests/bin/Debug/Weather Station Tests.DLL" adapterTypeName="Microsoft.VisualStudio.TestTools.TestTypes.Unit.UnitTestAdapter, Microsoft.VisualStudio.QualityTools.Tips.UnitTest.Adapter, Version=10.0.0.0, Culture=neutral, PublicKeyToken=b03f5f7f11d50a3a" className="Weather_Station_Tests.IObserverTest, Weather Station Tests, Version=1.0.0.0, Culture=neutral, PublicKeyToken=null" name="ComputeTest" />
    </UnitTest>
  </TestDefinitions>
  <TestLists>
    <TestList name="Results Not in a List" id="8c84fa94-04c1-424b-9868-57a2d4851a1d" />
    <TestList name="All Loaded Results" id="19431567-8539-422a-85d7-44ee4e166bda" />
  </TestLists>
  <TestEntries>
    <TestEntry testId="578733e5-89a2-3282-c946-c0569b502d39" executionId="9715b4cf-110a-4fc5-9012-a63a1716219f" testListId="8c84fa94-04c1-424b-9868-57a2d4851a1d" />
  </TestEntries>
  <Results>
    <UnitTestResult executionId="9715b4cf-110a-4fc5-9012-a63a1716219f" testId="578733e5-89a2-3282-c946-c0569b502d39" testName="ComputeTest" computerName="RNDM-PC" duration="00:00:00.0231516" startTime="2014-03-29T17:11:22.3612360+13:00" endTime="2014-03-29T17:11:22.5132450+13:00" testType="13cdc9d9-ddb5-4fa4-a97d-d965ccfc6d4b" outcome="Failed" testListId="8c84fa94-04c1-424b-9868-57a2d4851a1d" relativeResultsDirectory="9715b4cf-110a-4fc5-9012-a63a1716219f">
      <Output>
        <ErrorInfo>
          <Message>Assert.AreEqual failed. Expected:&lt;1.5&gt;. Actual:&lt;1&gt;. </Message>
          <StackTrace>   at Weather_Station_Tests.IObserverTest.ComputeTest() in E:\Work\C-\Weather Station\Weather Station Tests\IObserverTest.cs:line 96
</StackTrace>
        </ErrorInfo>
      </Output>
    </UnitTestResult>
  </Results>
</TestRun>