<?xml version="1.0" encoding="UTF-8"?>
<TestRun id="6ad14633-6d33-4e37-b699-9eba832b502b" name="rndm@RNDM-VM 2014-03-16 00:01:39" runUser="RNDM-VM\rndm" xmlns="http://microsoft.com/schemas/VisualStudio/TeamTest/2010">
  <TestSettings name="Local" id="c7899930-c836-44cf-ba38-cbb517c7b731">
    <Description>These are default test settings for a local test run.</Description>
    <Deployment enabled="false" runDeploymentRoot="rndm_RNDM-VM 2014-03-16 00_01_39">
      <DeploymentItem filename="Z:\Work\C-\Text Encryptor\Text Encryptor\Text Encryptor\bin\Debug\Text Encryptor.exe" />
    </Deployment>
    <Execution>
      <TestTypeSpecific />
      <AgentRule name="Execution Agents">
      </AgentRule>
    </Execution>
  </TestSettings>
  <Times creation="2014-03-16T00:01:39.1153244+13:00" queuing="2014-03-16T00:01:39.1777926+13:00" start="2014-03-16T00:01:39.1777926+13:00" finish="2014-03-16T00:01:39.4902858+13:00" />
  <ResultSummary outcome="Warning">
    <Counters total="2" executed="2" passed="2" error="0" failed="0" timeout="0" aborted="0" inconclusive="0" passedButRunAborted="0" notRunnable="0" notExecuted="0" disconnected="0" warning="0" completed="0" inProgress="0" pending="0" />
    <RunInfos>
      <RunInfo computerName="RNDM-VM" outcome="Warning" timestamp="2014-03-16T00:01:39.1777926+13:00">
        <Text>Deployment is currently disabled. The deployment item 'Text Encryptor.exe' on test 'Text_Encyptor_Tests.PlainTextTest.PlainTextConstructorTest' was not deployed.</Text>
      </RunInfo>
    </RunInfos>
  </ResultSummary>
  <TestDefinitions>
    <UnitTest name="PlainTextConstructorTest" storage="z:\work\c-\text encryptor\text encryptor\text encyptor tests\bin\debug\text encyptor tests.dll" id="ffe07cc8-0c61-f278-9e3b-059f8f344827">
      <DeploymentItems>
        <DeploymentItem filename="Text Encryptor.exe" />
      </DeploymentItems>
      <Execution id="fdbbf7e4-3267-4df6-86dd-b04a0bf5e069" />
      <TestMethod codeBase="Z:/Work/C-/Text Encryptor/Text Encryptor/Text Encyptor Tests/bin/Debug/Text Encyptor Tests.DLL" adapterTypeName="Microsoft.VisualStudio.TestTools.TestTypes.Unit.UnitTestAdapter, Microsoft.VisualStudio.QualityTools.Tips.UnitTest.Adapter, Version=10.0.0.0, Culture=neutral, PublicKeyToken=b03f5f7f11d50a3a" className="Text_Encyptor_Tests.PlainTextTest, Text Encyptor Tests, Version=1.0.0.0, Culture=neutral, PublicKeyToken=null" name="PlainTextConstructorTest" />
    </UnitTest>
    <UnitTest name="EncryptTest" storage="z:\work\c-\text encryptor\text encryptor\text encyptor tests\bin\debug\text encyptor tests.dll" id="b6ab6ac7-16b6-9c55-1201-82d58981537f">
      <DeploymentItems>
        <DeploymentItem filename="Text Encryptor.exe" />
      </DeploymentItems>
      <Execution id="04bff6a1-6406-4d71-abe9-6e76e7e19de3" />
      <TestMethod codeBase="Z:/Work/C-/Text Encryptor/Text Encryptor/Text Encyptor Tests/bin/Debug/Text Encyptor Tests.DLL" adapterTypeName="Microsoft.VisualStudio.TestTools.TestTypes.Unit.UnitTestAdapter, Microsoft.VisualStudio.QualityTools.Tips.UnitTest.Adapter, Version=10.0.0.0, Culture=neutral, PublicKeyToken=b03f5f7f11d50a3a" className="Text_Encyptor_Tests.PlainTextTest, Text Encyptor Tests, Version=1.0.0.0, Culture=neutral, PublicKeyToken=null" name="EncryptTest" />
    </UnitTest>
  </TestDefinitions>
  <TestLists>
    <TestList name="Results Not in a List" id="8c84fa94-04c1-424b-9868-57a2d4851a1d" />
    <TestList name="All Loaded Results" id="19431567-8539-422a-85d7-44ee4e166bda" />
  </TestLists>
  <TestEntries>
    <TestEntry testId="b6ab6ac7-16b6-9c55-1201-82d58981537f" executionId="04bff6a1-6406-4d71-abe9-6e76e7e19de3" testListId="8c84fa94-04c1-424b-9868-57a2d4851a1d" />
    <TestEntry testId="ffe07cc8-0c61-f278-9e3b-059f8f344827" executionId="fdbbf7e4-3267-4df6-86dd-b04a0bf5e069" testListId="8c84fa94-04c1-424b-9868-57a2d4851a1d" />
  </TestEntries>
  <Results>
    <UnitTestResult executionId="04bff6a1-6406-4d71-abe9-6e76e7e19de3" testId="b6ab6ac7-16b6-9c55-1201-82d58981537f" testName="EncryptTest" computerName="RNDM-VM" duration="00:00:00.0619632" startTime="2014-03-16T00:01:39.1935875+13:00" endTime="2014-03-16T00:01:39.4446564+13:00" testType="13cdc9d9-ddb5-4fa4-a97d-d965ccfc6d4b" outcome="Passed" testListId="8c84fa94-04c1-424b-9868-57a2d4851a1d" relativeResultsDirectory="04bff6a1-6406-4d71-abe9-6e76e7e19de3">
    </UnitTestResult>
    <UnitTestResult executionId="fdbbf7e4-3267-4df6-86dd-b04a0bf5e069" testId="ffe07cc8-0c61-f278-9e3b-059f8f344827" testName="PlainTextConstructorTest" computerName="RNDM-VM" duration="00:00:00.0002414" startTime="2014-03-16T00:01:39.4590177+13:00" endTime="2014-03-16T00:01:39.4590177+13:00" testType="13cdc9d9-ddb5-4fa4-a97d-d965ccfc6d4b" outcome="Passed" testListId="8c84fa94-04c1-424b-9868-57a2d4851a1d" relativeResultsDirectory="fdbbf7e4-3267-4df6-86dd-b04a0bf5e069">
    </UnitTestResult>
  </Results>
</TestRun>